#-----------------------------------------------------------
# Vivado v2020.2 (64-bit)
# SW Build 3064766 on Wed Nov 18 09:12:47 MST 2020
# IP Build 3064653 on Wed Nov 18 14:17:31 MST 2020
# Start of session at: Tue Apr 23 08:39:23 2024
# Process ID: 3025559
# Current directory: /scratch1/karthik/playground/iitm/fft-bsv/mit/audio/fft
# Command line: vivado
# Log file: /scratch1/karthik/playground/iitm/fft-bsv/mit/audio/fft/vivado.log
# Journal file: /scratch1/karthik/playground/iitm/fft-bsv/mit/audio/fft/vivado.jou
#-----------------------------------------------------------
start_gui
open_project /scratch1/karthik/playground/iitm/fft-bsv/fft_1/fft_1.xpr
update_compile_order -fileset sources_1
open_run synth_combo -name synth_pipelined
create_run synth_pipelined -flow {Vivado Synthesis 2020}
launch_runs synth_pipelined
wait_on_run synth_pipelined
reset_run synth_combo
launch_runs synth_combo
wait_on_run synth_combo
reset_run synth_combo
reset_run synth_pipelined
launch_runs synth_pipelined
wait_on_run synth_pipelined
launch_runs synth_combo
wait_on_run synth_combo
open_run synth_pipelined -constrset constrs_1 -name synth_pipelined
close_design
open_run synth_combo -name synth_combo
report_timing_summary -delay_type min_max -report_unconstrained -check_timing_verbose -max_paths 10 -input_pins -routable_nets -name timing_pipelined
close_design
create_run synth_combo_new -flow {Vivado Synthesis 2020}
launch_runs synth_combo_new
wait_on_run synth_combo_new
delete_runs "synth_combo_new"
